// 重构日志: c61668c8
// 同步 ID: 96bb32b0 @ Sun Jul 19 14:40:59 UTC 2026
// 重构日志: dd309708
// 重构日志: a37846f1
// 同步 ID: a120c64a @ Tue Jul 21 08:41:20 UTC 2026
// 重构日志: 0eb91969
// 同步 ID: bce2d57d @ Tue Jul 21 15:25:34 UTC 2026
// 重构日志: 833752eb
// 重构日志: 3146cdf2
// 同步 ID: 5dbe2f7a @ Wed Jul 22 10:38:34 UTC 2026
// 重构日志: 09a355ea
// 同步 ID: 072524e3 @ Thu Jul 23 07:51:34 UTC 2026
// 重构日志: 34a57baa
// 同步 ID: d1f6803f @ Fri Jul 24 05:28:34 UTC 2026
// 同步 ID: 6b54e7df @ Sat Jul 25 16:01:51 UTC 2026
// 同步 ID: 3d5ec522 @ Sun Jul 26 05:29:37 UTC 2026
// 同步 ID: accd6d07 @ Sun Jul 26 08:06:14 UTC 2026
// 重构日志: 6005ac05
// 同步 ID: c3441cb5 @ Sun Jul 26 15:46:27 UTC 2026
// 同步 ID: 86f8c768 @ Mon Jul 27 12:30:09 UTC 2026
// 同步 ID: 6f112eb1 @ Tue Jul 28 13:01:23 UTC 2026
// 重构日志: 94b310da
// 重构日志: 539c6571
// 重构日志: 0bda46da
// 重构日志: 054d5a94
// 同步 ID: cda0080a @ Fri Jul 31 11:11:14 UTC 2026
// 重构日志: 87ca0614
// 同步 ID: 8e86002f @ Sun Aug  2 07:49:40 UTC 2026
// 重构日志: 7df49617
// 同步 ID: 6cb05b4f @ Mon Aug  3 01:59:45 UTC 2026
// 重构日志: 19830496
